Reading pref.tcl

# 2020.1

# vsim -c -do "
#     # Set up simulation environment
#     onbreak {resume}
#     
#     # Configure transcript logging
#     transcript file nmp_performance.log
#     
#     # Load design
#     # Run with performance monitoring
#     vcd file nmp_enhanced_20250921_193904.vcd; vcd add -r /*; run -all
#     
#     # Additional performance queries (if signals are available)
#     # These would need to be adapted based on your specific RTL signals
#     echo "=== ADDITIONAL PERFORMANCE METRICS ==="
#     echo "Clock Frequency: 100MHz (10ns period)"
#     echo "Simulation Timestamp: Sun Sep 21 19:39:05 IST 2025"
#     
#     quit -sim
#     exit
# " work.nmp_proof 
# Start time: 19:39:05 on Sep 21,2025
# Loading sv_std.std
# Loading work.nmp_proof
# Loading work.nmp_top
# Loading work.nmp_decoder
# Loading work.nmp_fsm
# Loading work.nmp_addr_gen
# Loading work.nmp_alu
# Loading work.nmp_axi_master
# ** Warning: (vsim-3008) [CNNODP] - Component name (a_valid) is not on a downward path.
#    Time: 0 ps  Iteration: 0  Instance: /nmp_proof File: tests_nmp/nmp_proof_enhanced.sv Line: 123
# ** Error: (vsim-3043) Unresolved reference to 'a_valid' in dut.u_alu.a_valid.
#    Time: 0 ps  Iteration: 0  Instance: /nmp_proof File: tests_nmp/nmp_proof_enhanced.sv Line: 123
# ** Warning: (vsim-3008) [CNNODP] - Component name (b_valid) is not on a downward path.
#    Time: 0 ps  Iteration: 0  Instance: /nmp_proof File: tests_nmp/nmp_proof_enhanced.sv Line: 123
# ** Error: (vsim-3043) Unresolved reference to 'b_valid' in dut.u_alu.b_valid.
#    Time: 0 ps  Iteration: 0  Instance: /nmp_proof File: tests_nmp/nmp_proof_enhanced.sv Line: 123
# Error loading design
# End time: 19:39:07 on Sep 21,2025, Elapsed time: 0:00:02
# Errors: 2, Warnings: 2
